TAP version 13

# FILE_START /Users/levi.kipke/Projects/cube-roku/tests/components/login/SomeOtherPage.test.brs
ok 1 - everything is ok, just very communicative
  ---
  yaml: is
  so: true
  to:
    - every
    - vector
  ...

not ok 2 - failing, gonna tell you why
    ---
    error:
        message: foo can't be the same as fop
        expected: "foo"
        actual: "fop"
        funcName: m.assertEqual
    stack:
        - /Users/levi.kipke/Projects/cube-roku/tests/components/login/LoginPage.test.brs:9:22
        - /Users/levi.kipke/Projects/cube-roku/tests/components/login/LoginPage.test.brs:5:22
    ...

# Subtest: child test
    ok 1 - nice
    1..1
1..3

# FILE_END /Users/levi.kipke/Projects/cube-roku/tests/components/login/LoginPage.test.brs

# FILE_START /Users/levi.kipke/Projects/cube-roku/tests/components/login/LoginPage.test.brs
# Subtest: LoginPage
    1..1
    # Subtest: initialization
        1..1
        not ok 1 - initializes without error
            ---
            error:
                message: what, bleh is blah?!
                expected: "blah"
                actual: "bleh"
                funcName: m.assertEqual
            stack:
                - /Users/levi.kipke/Projects/cube-roku/tests/components/login/LoginPage.test.brs:9:22
                - /Users/levi.kipke/Projects/cube-roku/tests/components/login/LoginPage.test.brs:5:22
            ...
    not ok 1 - initialization
ok 1 - LoginPage
1..2

# FILE_END /Users/levi.kipke/Projects/cube-roku/tests/components/login/LoginPage.test.brs
